
Running 3 tests using 3 workers

  Ô£ÿ  2 [firefox] ÔÇ║ tests\e2e\neuroviz.spec.ts:24:5 ÔÇ║ NeuroViz Application ÔÇ║ Happy Path ÔÇ║ should complete a full training cycle (8ms)
  Ô£ÿ  3 [webkit] ÔÇ║ tests\e2e\neuroviz.spec.ts:24:5 ÔÇ║ NeuroViz Application ÔÇ║ Happy Path ÔÇ║ should complete a full training cycle (7ms)
[Browser] [vite] connecting...
[Browser] %c4:58:55 PM INFO color: #0ea5e9 [ErrorBoundary] Global error boundary initialized {component: ErrorBoundary, action: init}
[Browser] [vite] connected.
[Browser] Could not get context for WebGL version 2
[Browser] Could not get context for WebGL version 1
[Browser] Initialization of backend webgl failed
[Browser] Error: WebGL is not supported on this device
    at new _MathBackendWebGL (http://localhost:3000/node_modules/.vite/deps/@tensorflow_tfjs.js?v=e15e402f:55172:13)
    at Object.factory (http://localhost:3000/node_modules/.vite/deps/@tensorflow_tfjs.js?v=e15e402f:56022:11)
    at _Engine.initializeBackend (http://localhost:3000/node_modules/.vite/deps/@tensorflow_tfjs.js?v=e15e402f:3844:45)
    at _Engine.initializeBackendsAndReturnBest (http://localhost:3000/node_modules/.vite/deps/@tensorflow_tfjs.js?v=e15e402f:3906:43)
    at get backend (http://localhost:3000/node_modules/.vite/deps/@tensorflow_tfjs.js?v=e15e402f:3760:40)
    at _Engine.makeTensor (http://localhost:3000/node_modules/.vite/deps/@tensorflow_tfjs.js?v=e15e402f:4175:33)
    at TensorBuffer.toTensor (http://localhost:3000/node_modules/.vite/deps/@tensorflow_tfjs.js?v=e15e402f:3314:24)
    at truncatedNormal_ (http://localhost:3000/node_modules/.vite/deps/@tensorflow_tfjs.js?v=e15e402f:9616:14)
    at truncatedNormal__op (http://localhost:3000/node_modules/.vite/deps/@tensorflow_tfjs.js?v=e15e402f:4702:22)
    at HeNormal.apply (http://localhost:3000/node_modules/.vite/deps/@tensorflow_tfjs.js?v=e15e402f:18096:14)
[Browser] [TrainingSession] Starting loop
[Browser] [TrainingSession] updateVisualisation called
[Browser] [D3Chart] renderBoundary called. Predictions: 2500, GridSize: 50
[Browser] Training loop error: TypeError: Cannot read properties of undefined (reading 'low')
    at D3Chart.renderBinaryBoundary (http://localhost:3000/src/infrastructure/d3/D3Chart.ts:175:77)
    at D3Chart.renderBoundary (http://localhost:3000/src/infrastructure/d3/D3Chart.ts:161:12)
    at TrainingSession.updateVisualisation (http://localhost:3000/src/core/application/TrainingSession.ts:461:21)
    at async TrainingSession.loop (http://localhost:3000/src/core/application/TrainingSession.ts:384:9)
[Browser] [TrainingSession] Loop crashed TypeError: Cannot read properties of undefined (reading 'low')
    at D3Chart.renderBinaryBoundary (http://localhost:3000/src/infrastructure/d3/D3Chart.ts:175:77)
    at D3Chart.renderBoundary (http://localhost:3000/src/infrastructure/d3/D3Chart.ts:161:12)
    at TrainingSession.updateVisualisation (http://localhost:3000/src/core/application/TrainingSession.ts:461:21)
    at async TrainingSession.loop (http://localhost:3000/src/core/application/TrainingSession.ts:384:9)
[Browser] %c4:58:58 PM ERROR color: #ef4444 [TrainingSession] Training loop crashed TypeError: Cannot read properties of undefined (reading 'low')
    at D3Chart.renderBinaryBoundary (http://localhost:3000/src/infrastructure/d3/D3Chart.ts:175:77)
    at D3Chart.renderBoundary (http://localhost:3000/src/infrastructure/d3/D3Chart.ts:161:12)
    at TrainingSession.updateVisualisation (http://localhost:3000/src/core/application/TrainingSession.ts:461:21)
    at async TrainingSession.loop (http://localhost:3000/src/core/application/TrainingSession.ts:384:9) {component: TrainingSession, action: loop, epoch: 10}
  Ô£ÿ  1 [chromium] ÔÇ║ tests\e2e\neuroviz.spec.ts:24:5 ÔÇ║ NeuroViz Application ÔÇ║ Happy Path ÔÇ║ should complete a full training cycle (13.9s)


  1) [chromium] ÔÇ║ tests\e2e\neuroviz.spec.ts:24:5 ÔÇ║ NeuroViz Application ÔÇ║ Happy Path ÔÇ║ should complete a full training cycle 

    Error: [2mexpect([22m[31mlocator[39m[2m).[22mtoBeVisible[2m([22m[2m)[22m failed

    Locator: locator('#viz-container .boundary path').first()
    Expected: visible
    Timeout: 10000ms
    Error: element(s) not found

    Call log:
    [2m  - Expect "toBeVisible" with timeout 10000ms[22m
    [2m  - waiting for locator('#viz-container .boundary path').first()[22m


       at ..\pages\NeuroPage.ts:276

      274 |    */
      275 |   async waitForVisualUpdate(): Promise<void> {
    > 276 |     await expect(this.boundaryPaths.first()).toBeVisible({ timeout: 10000 });
          |                                              ^
      277 |   }
      278 |
      279 |   /**
        at NeuroPage.waitForVisualUpdate (C:\Users\alika\workspace\NeuroViz\tests\pages\NeuroPage.ts:276:46)
        at C:\Users\alika\workspace\NeuroViz\tests\e2e\neuroviz.spec.ts:44:23

    attachment #1: screenshot (image/png) ÔöÇÔöÇÔöÇÔöÇÔöÇÔöÇÔöÇÔöÇÔöÇÔöÇÔöÇÔöÇÔöÇÔöÇÔöÇÔöÇÔöÇÔöÇÔöÇÔöÇÔöÇÔöÇÔöÇÔöÇÔöÇÔöÇÔöÇÔöÇÔöÇÔöÇÔöÇÔöÇÔöÇÔöÇÔöÇÔöÇÔöÇÔöÇÔöÇÔöÇÔöÇÔöÇÔöÇÔöÇÔöÇÔöÇÔöÇÔöÇÔöÇÔöÇÔöÇÔöÇÔöÇÔöÇÔöÇÔöÇÔöÇÔöÇ
    tests\results\neuroviz-NeuroViz-Applicat-75bfc-plete-a-full-training-cycle-chromium\test-failed-1.png
    ÔöÇÔöÇÔöÇÔöÇÔöÇÔöÇÔöÇÔöÇÔöÇÔöÇÔöÇÔöÇÔöÇÔöÇÔöÇÔöÇÔöÇÔöÇÔöÇÔöÇÔöÇÔöÇÔöÇÔöÇÔöÇÔöÇÔöÇÔöÇÔöÇÔöÇÔöÇÔöÇÔöÇÔöÇÔöÇÔöÇÔöÇÔöÇÔöÇÔöÇÔöÇÔöÇÔöÇÔöÇÔöÇÔöÇÔöÇÔöÇÔöÇÔöÇÔöÇÔöÇÔöÇÔöÇÔöÇÔöÇÔöÇÔöÇÔöÇÔöÇÔöÇÔöÇÔöÇÔöÇÔöÇÔöÇÔöÇÔöÇÔöÇÔöÇÔöÇÔöÇÔöÇÔöÇÔöÇÔöÇÔöÇÔöÇÔöÇÔöÇÔöÇÔöÇÔöÇÔöÇÔöÇÔöÇÔöÇÔöÇÔöÇÔöÇÔöÇÔöÇÔöÇÔöÇÔöÇÔöÇ

    Error Context: tests\results\neuroviz-NeuroViz-Applicat-75bfc-plete-a-full-training-cycle-chromium\error-context.md

  2) [firefox] ÔÇ║ tests\e2e\neuroviz.spec.ts:24:5 ÔÇ║ NeuroViz Application ÔÇ║ Happy Path ÔÇ║ should complete a full training cycle 

    Error: browserType.launch: Executable doesn't exist at C:\Users\alika\AppData\Local\ms-playwright\firefox-1497\firefox\firefox.exe
    ÔòöÔòÉÔòÉÔòÉÔòÉÔòÉÔòÉÔòÉÔòÉÔòÉÔòÉÔòÉÔòÉÔòÉÔòÉÔòÉÔòÉÔòÉÔòÉÔòÉÔòÉÔòÉÔòÉÔòÉÔòÉÔòÉÔòÉÔòÉÔòÉÔòÉÔòÉÔòÉÔòÉÔòÉÔòÉÔòÉÔòÉÔòÉÔòÉÔòÉÔòÉÔòÉÔòÉÔòÉÔòÉÔòÉÔòÉÔòÉÔòÉÔòÉÔòÉÔòÉÔòÉÔòÉÔòÉÔòÉÔòÉÔòÉÔòÉÔòÉÔòÉÔòÉÔòÉÔòÉÔòÉÔòÉÔòÉÔòÉÔòÉÔòÉÔòÉÔòÉÔòÉÔòÉÔòù
    Ôòæ Looks like Playwright Test or Playwright was just installed or updated. Ôòæ
    Ôòæ Please run the following command to download new browsers:              Ôòæ
    Ôòæ                                                                         Ôòæ
    Ôòæ     npx playwright install                                              Ôòæ
    Ôòæ                                                                         Ôòæ
    Ôòæ <3 Playwright Team                                                      Ôòæ
    ÔòÜÔòÉÔòÉÔòÉÔòÉÔòÉÔòÉÔòÉÔòÉÔòÉÔòÉÔòÉÔòÉÔòÉÔòÉÔòÉÔòÉÔòÉÔòÉÔòÉÔòÉÔòÉÔòÉÔòÉÔòÉÔòÉÔòÉÔòÉÔòÉÔòÉÔòÉÔòÉÔòÉÔòÉÔòÉÔòÉÔòÉÔòÉÔòÉÔòÉÔòÉÔòÉÔòÉÔòÉÔòÉÔòÉÔòÉÔòÉÔòÉÔòÉÔòÉÔòÉÔòÉÔòÉÔòÉÔòÉÔòÉÔòÉÔòÉÔòÉÔòÉÔòÉÔòÉÔòÉÔòÉÔòÉÔòÉÔòÉÔòÉÔòÉÔòÉÔòÉÔòÉÔòÉÔòØ

  3) [webkit] ÔÇ║ tests\e2e\neuroviz.spec.ts:24:5 ÔÇ║ NeuroViz Application ÔÇ║ Happy Path ÔÇ║ should complete a full training cycle 

    Error: browserType.launch: Executable doesn't exist at C:\Users\alika\AppData\Local\ms-playwright\webkit-2227\Playwright.exe
    ÔòöÔòÉÔòÉÔòÉÔòÉÔòÉÔòÉÔòÉÔòÉÔòÉÔòÉÔòÉÔòÉÔòÉÔòÉÔòÉÔòÉÔòÉÔòÉÔòÉÔòÉÔòÉÔòÉÔòÉÔòÉÔòÉÔòÉÔòÉÔòÉÔòÉÔòÉÔòÉÔòÉÔòÉÔòÉÔòÉÔòÉÔòÉÔòÉÔòÉÔòÉÔòÉÔòÉÔòÉÔòÉÔòÉÔòÉÔòÉÔòÉÔòÉÔòÉÔòÉÔòÉÔòÉÔòÉÔòÉÔòÉÔòÉÔòÉÔòÉÔòÉÔòÉÔòÉÔòÉÔòÉÔòÉÔòÉÔòÉÔòÉÔòÉÔòÉÔòÉÔòÉÔòÉÔòù
    Ôòæ Looks like Playwright Test or Playwright was just installed or updated. Ôòæ
    Ôòæ Please run the following command to download new browsers:              Ôòæ
    Ôòæ                                                                         Ôòæ
    Ôòæ     npx playwright install                                              Ôòæ
    Ôòæ                                                                         Ôòæ
    Ôòæ <3 Playwright Team                                                      Ôòæ
    ÔòÜÔòÉÔòÉÔòÉÔòÉÔòÉÔòÉÔòÉÔòÉÔòÉÔòÉÔòÉÔòÉÔòÉÔòÉÔòÉÔòÉÔòÉÔòÉÔòÉÔòÉÔòÉÔòÉÔòÉÔòÉÔòÉÔòÉÔòÉÔòÉÔòÉÔòÉÔòÉÔòÉÔòÉÔòÉÔòÉÔòÉÔòÉÔòÉÔòÉÔòÉÔòÉÔòÉÔòÉÔòÉÔòÉÔòÉÔòÉÔòÉÔòÉÔòÉÔòÉÔòÉÔòÉÔòÉÔòÉÔòÉÔòÉÔòÉÔòÉÔòÉÔòÉÔòÉÔòÉÔòÉÔòÉÔòÉÔòÉÔòÉÔòÉÔòÉÔòÉÔòÉÔòÉÔòØ

  3 failed
    [chromium] ÔÇ║ tests\e2e\neuroviz.spec.ts:24:5 ÔÇ║ NeuroViz Application ÔÇ║ Happy Path ÔÇ║ should complete a full training cycle 
    [firefox] ÔÇ║ tests\e2e\neuroviz.spec.ts:24:5 ÔÇ║ NeuroViz Application ÔÇ║ Happy Path ÔÇ║ should complete a full training cycle 
    [webkit] ÔÇ║ tests\e2e\neuroviz.spec.ts:24:5 ÔÇ║ NeuroViz Application ÔÇ║ Happy Path ÔÇ║ should complete a full training cycle 

[36m  Serving HTML report at http://localhost:61433. Press Ctrl+C to quit.[39m
